Zilog Z8 Encore! Macro Assembler Version 2.52 (11010702) 24-Mar-14     14:21:19     page:   1


PC     Object              I  Line    Source 
                           A     1    ; Zilog Z8 Encore! ANSI C Compiler Release 3.62
                           A     2    ; -nolocalcse -optsize -fastcall -const=RAM -mo
                           A     3    ; -nooptlink -regvar -reduceopt -debug -norevaa
                           A     4    ; -alias 
                           A     5    	DEFINE lab5_3_TEXT,SPACE=ROM
                           A     6    	FILE	"..\LAB5_3.C"
                           A     7    .debug "C"
                           A     8    	SEGMENT ROM_DATA
                           A     9    
                           A    10    
                           A    11    ;**************************** _main ***********
                           A    12    ;Name                         Addr/Register   S
                           A    13    ;delay                                  RR0    
                           A    14    
                           A    15    
                           A    16    ; Aggregate Stack Size: 0 (words)
                           A    17    
                           A    18    
                           A    19    	.FRAME _n_main,?_n_main,RDATA
                           A    20    	.FRAME _f_main,?_f_main,EDATA
                           A    21    	SEGMENT lab5_3_TEXT
000000                     A    22    _main:
                           A    23    .define "_main"
                           A    24    .value _main
                           A    25    .class 2
                           A    26    .type 65
                           A    27    .type 0
                           A    28    .endef
                           A    29    .begfunc "main",24,"_main"
                           A    30    ;    1	/*-------------------------------------
                           A    31    ;    2	 ____  ____  _____  ___      ___   ___ 
                           A    32    ;    3	(  _ \(  _ \(  _  )/ __) ___(__ \ / _ \
                           A    33    ;    4	 )___/ )   / )(_)(( (_-.(___)/ _/( (_) 
                           A    34    ;    5	(__)  (_)\_)(_____)\___/    (____)\___/
                           A    35    ;    6		C Programming and Intro to Microcon
                           A    36    ;    7				Intructor: Denis Korabelnik
                           A    37    ;    8	
                           A    38    ;    9	Program:			Lab 5.3
                           A    39    ;   10	Programmer:			Glenn Lopez
                           A    40    ;   11	Initial Commit:		2014-03-17 11:08
                           A    41    ;   12	Class:				E12
                           A    42    ;   13	Description:		Binary Counter with
                           A    43    ;   14	Github page:		https://github.com/
                           A    44    ;   15	---------------------------------------
                           A    45    ;   16	
                           A    46    ;   17	/*-- 			START HEADER FILES 		                           A    47    ;   18	 //#include <stdio.h>				//<
                           A    48    ;   19	 #include <ez8.h>					//<
                           A    49    ;   20	/*-- 			END HEADER FILES 		                           A    50    ;   21	
                           A    51    ;   22	/*-- 			START MAIN FUNCTION 	                           A    52    ;   23	 void main (void)
Zilog Z8 Encore! Macro Assembler Version 2.52 (11010702) 24-Mar-14     14:21:19     page:   2


PC     Object              I  Line    Source lab5_3.src
                           A    53    ;   24	 {
                           A    54    .define "delay"
                           A    55    .class 4
                           A    56    .reg 17
                           A    57    .type 13
                           A    58    .type 0
                           A    59    .endef
000000 D6 0000             A    60    	CALL	__b_frameset00
                           A    61    ;   25		unsigned int delay;
                           A    62    ;   26	
                           A    63    ;   27		/*-- Port E Config --*/
                           A    64    ;   28		PEADDR = 0x02;					//<
                           A    65    .line 28
000003 E9020FE0            A    66    	LDX	4064,#2
                           A    67    ;   29		PECTL = 0x00;					//<
                           A    68    .line 29
000007 E9000FE1            A    69    	LDX	4065,#-0
                           A    70    ;   30	
                           A    71    ;   31		PEADDR = 0x01;					//<
                           A    72    .line 31
00000B E9010FE0            A    73    	LDX	4064,#1
                           A    74    ;   32		PECTL = 0x00;					//<
                           A    75    .line 32
00000F E9000FE1            A    76    	LDX	4065,#-0
                           A    77    ;   33	
                           A    78    ;   34		PEADDR = 0x03;					//<
                           A    79    .line 34
000013 E9030FE0            A    80    	LDX	4064,#3
                           A    81    ;   35		PECTL = 0x00;					//<
                           A    82    .line 35
000017 E9000FE1            A    83    	LDX	4065,#-0
                           A    84    ;   36	
                           A    85    ;   37		PEADDR = 0x00;					//<
                           A    86    .line 37
00001B E9000FE0            A    87    	LDX	4064,#-0
                           A    88    ;   38		while (1)
00001F                     A    89    _1_L_9:
                           A    90    .line 38
                           A    91    ;   39		{	
                           A    92    ;   40			PEOUT = 0x01;				//<
                           A    93    .line 40
00001F E9010FE3            A    94    	LDX	4067,#1
                           A    95    ;   41				for 					 
                           A    96    ;   42					(					 
                           A    97    ;   43						delay = 1000; 	//<
                           A    98    .line 43
000023 0C03                A    99    	LD	R0,#3
000025 1CE8                A   100    	LD	R1,#232
                           A   101    ;   44						delay > 0;		//<
000027                     A   102    _1_L_1:
                           A   103    .line 44
000027 A6E100              A   104    	CP	R1,#0
Zilog Z8 Encore! Macro Assembler Version 2.52 (11010702) 24-Mar-14     14:21:19     page:   3


PC     Object              I  Line    Source lab5_3.src
00002A 1FA6E000            A   105    	CPC	R0,#-0
00002E 3B 04               A   106    	JR	ULE,_1_L_4
                           A   107    ;   45						delay--			//<
                           A   108    ;   46					);					 
000030                     A   109    _1_L_2:
                           A   110    .line 46
000030 80E0                A   111    	DECW	RR0
000032 8B F3               A   112    	JR	_1_L_1
000034                     A   113    _1_L_4:
                           A   114    ;   47			// 							 
                           A   115    ;   48			PEOUT = 0x00;				//<
                           A   116    .line 48
000034 E9000FE3            A   117    	LDX	4067,#-0
                           A   118    ;   49				for 					 
                           A   119    ;   50					(					
                           A   120    ;   51					delay = 1000;		//<
                           A   121    .line 51
000038 0C03                A   122    	LD	R0,#3
00003A 1CE8                A   123    	LD	R1,#232
                           A   124    ;   52					delay > 0;			//<
00003C                     A   125    _1_L_6:
                           A   126    .line 52
00003C A6E100              A   127    	CP	R1,#0
00003F 1FA6E000            A   128    	CPC	R0,#-0
000043 3B DA               A   129    	JR	ULE,_1_L_9
                           A   130    ;   53					delay--				//<
                           A   131    ;   54					);					
000045                     A   132    _1_L_7:
                           A   133    .line 54
000045 80E0                A   134    	DECW	RR0
000047 8B F3               A   135    	JR	_1_L_6
                           A   136    .endfunc "main",56,"_main"
                           A   137    	XREF __b_framereset:ROM
                           A   138    	XREF __b_frameset00:ROM
                           A   139    	XDEF _main
                           A   140    ;   55		}
                           A   141    ;   56	 }
                           A   142    	END


Errors: 0
Warnings: 0
Lines Assembled: 143
