Zilog Z8 Encore! Macro Assembler Version 2.52 (11010702) 24-Mar-14     14:28:49     page:   1


PC     Object              I  Line    Source 
                           A     1    /*---------------------------------------------
-----ERROR (401) Syntax error
                           A     2     ____  ____  _____  ___      ___   ___    ___  
-----ERROR (401) Syntax error
                           A     3    (  _ \(  _ \(  _  )/ __) ___(__ \ / _ \  / _ \ 
-----ERROR (401) Syntax error
                           A     4     )___/ )   / )(_)(( (_-.(___)/ _/( (_) )( (_) )
-----ERROR (401) Syntax error
                           A     5    (__)  (_)\_)(_____)\___/    (____)\___/  \___/ 
-----ERROR (401) Syntax error
                           A     6    	C Programming and Intro to Microcontrollers
-----ERROR (401) Syntax error
                           A     7    			Intructor: Denis Korabelnikov
-----ERROR (401) Syntax error
                           A     8    
                           A     9    Program:			Lab 3.1
-----ERROR (401) Syntax error
                           A    10    Programmer:			Glenn Lopez
-----ERROR (401) Syntax error
                           A    11    Initial Commit:		2014-02-03 14:00
-----ERROR (401) Syntax error
                           A    12    Class:				E12
-----ERROR (401) Syntax error
                           A    13    Description:		Follow up to lab 2.1 but wi
-----ERROR (401) Syntax error
                           A    14    Github page:		https://github.com/glennlop
-----ERROR (401) Syntax error
                           A    15    	(visit the link above for the latest versio
-----ERROR (401) Syntax error
                           A    16    -----------------------------------------------
-----ERROR (401) Syntax error
                           A    17    
                           A    18    
                           A    19    /*-- 			START HEADER FILES 			--*
-----ERROR (401) Syntax error
                           A    20     //#include <stdio.h>				//<-- Stand
-----ERROR (401) Syntax error
                           A    21     #include <ez8.h>					//<-- libra
-----ERROR (401) Syntax error
                           A    22     //#include<myFunctions.h>			//<-- libra
-----ERROR (401) Syntax error
                           A    23    /*-- 			END HEADER FILES 			--*
-----ERROR (401) Syntax error
                           A    24    
                           A    25    
                           A    26    /*-- 			START MAIN FUNCTION 			-----ERROR (401) Syntax error
                           A    27     int main(void) //!FLAG#1 - comment out if func
-----ERROR (401) Syntax error
                           A    28     //void main(void) //!FLAG#1 - comment out if f
-----ERROR (401) Syntax error
                           A    29     {
Zilog Z8 Encore! Macro Assembler Version 2.52 (11010702) 24-Mar-14     14:28:49     page:   2


PC     Object              I  Line    Source C:\PROGRA~1\ZiLOG\ZDSII_~1.0\src\boot\common\startupl.asm
-----ERROR (419) Unrecognized input symbol
                           A    30    	//variable declarations and assignments;
-----ERROR (401) Syntax error
                           A    31    	unsigned char leds=0x02; 		//<-- makes
-----ERROR (401) Syntax error
                           A    32    	unsigned char push_button;		//<-- makes
-----ERROR (401) Syntax error
                           A    33    	push_button=0x00;
-----ERROR (401) Syntax error
                           A    34    
                           A    35    	 /*- PORT A CONFIGURATION -*/
-----ERROR (401) Syntax error
                           A    36    			//alternate function 
-----ERROR (401) Syntax error
                           A    37    			PAADDR = 0x02;					//<
-----ERROR (401) Syntax error
                           A    38    			PACTL = 0x00;					//<
-----ERROR (401) Syntax error
                           A    39    
                           A    40    			//data directions
-----ERROR (401) Syntax error
                           A    41    			PAADDR = 0x01;					//<
-----ERROR (401) Syntax error
                           A    42    			PACTL = 0xF8;					//<
-----ERROR (401) Syntax error
                           A    43    
                           A    44    			//output controll
-----ERROR (401) Syntax error
                           A    45    			PAADDR = 0x03;					//<
-----ERROR (401) Syntax error
                           A    46    			PACTL = 0x00;					//<
-----ERROR (401) Syntax error
                           A    47    
                           A    48    			//preventative care 
-----ERROR (401) Syntax error
                           A    49    			PAADDR = 0x00; 					//<
-----ERROR (401) Syntax error
                           A    50    			
                           A    51    	 /*- PORT C CONFIGURATION -*/
-----ERROR (401) Syntax error
                           A    52    			//alternate function
-----ERROR (401) Syntax error
                           A    53    			PCADDR = 0x02;					//<
-----ERROR (401) Syntax error
                           A    54    			PCCTL = 0x00;					//<
-----ERROR (401) Syntax error
                           A    55    
                           A    56    			//data directions
-----ERROR (401) Syntax error
                           A    57    			PCADDR = 0x01;					//<
-----ERROR (401) Syntax error
                           A    58    			PCCTL = 0x01; 					//<
Zilog Z8 Encore! Macro Assembler Version 2.52 (11010702) 24-Mar-14     14:28:49     page:   3


PC     Object              I  Line    Source C:\PROGRA~1\ZiLOG\ZDSII_~1.0\src\boot\common\startupl.asm
-----ERROR (401) Syntax error
                           A    59    
                           A    60    			//preventative care
-----ERROR (401) Syntax error
                           A    61    			PCADDR = 0x00;					//<
-----ERROR (401) Syntax error
                           A    62    		
                           A    63    	 /*-- START PUSH BUTTON COMPOUND --*/
-----ERROR (401) Syntax error
                           A    64    			PAOUT=leds;
-----ERROR (401) Syntax error
                           A    65    			while (1)
-----ERROR (401) Syntax error
                           A    66    			{
-----ERROR (419) Unrecognized input symbol
                           A    67    				push_button = PCIN;				-----ERROR (401) Syntax error
                           A    68    				push_button = push_button & 0x0
-----ERROR (401) Syntax error
                           A    69    				if(push_button == 0x00)			-----ERROR (401) Syntax Error in operand 1
                           A    70    				{
                           A    71    					leds=leds^0x07;				                           A    72    					PAOUT=leds;
                           A    73    				}
                           A    74    			}
                           A    75    
                           A    76    	return 0; //!FLAG#1 - comment out if int ma
                           A    77     }
                           A    78    /*-- 			END MAIN FUNCTION 			--*
                           A    79    


Errors: 57
Warnings: 0
Lines Assembled: 81
